# Meteor packages used by this project, one per line.
# Check this file (and the other files in this directory) into your repository.
#
# 'meteor add' and 'meteor remove' will edit this file for you,
# but you can also edit it by hand.

meteor-base@1.0.4             # Packages every Meteor app needs to have

blaze-html-templates@1.0.4    # Compile .html files into Meteor Blaze views
reactive-var@1.0.10            # Reactive variable for tracker
tracker@1.1.0                 # Meteor's client-side reactive programming library
check@1.2.3

#insecure                # Allow all DB writes from clients (for prototyping)

meteorhacks:kadira

kadira:blaze-layout
momentjs:moment


# standard libraries
jquery@1.11.9                              # Helpful client-side library
less@2.7.4

# ui
#static-html
react-meteor-data
twbs:bootstrap

# data
mongo@1.1.10                               # The database Meteor supports right now
aldeed:simple-schema
aldeed:collection2
dburles:collection-helpers
reywood:publish-composite
mdg:validated-method
mdg:validation-error

# i18n
tap:i18n

# accounts
accounts-password@1.2.12

# mobile
crosswalk@1.6.2
mobile-experience@1.0.4                   # Packages for a great mobile UX
chriswessels:hammer

# production
#juliancwirko:postcss@1.0.0-beta.11
#standard-minifier-css               # CSS minifier run for production mode
standard-minifier-js@1.1.8                # JS minifier run for production mode
es5-shim@4.6.13                            # ECMAScript 5 compatibility for older browsers.
ecmascript@0.5.7                          # Enable ECMAScript2015+ syntax in app code
ddp-rate-limiter@1.0.5
app-prod-security

# rest apis
simple:rest-accounts-password
simple:rest

# testing
factory
publication-collector
xolvio:cleaner
dispatch:mocha-phantomjs
practicalmeteor:mocha@2.1.1-rc.1
hwillson:stub-collections

#ui
mouse0270:bootstrap-notify
universe:react-markdown-wysiwyg
universe:modules
seba:minifiers-autoprefixer
fourseven:scss

#local packages
pro-ideas:kanban
browser-policy
